<?xml version="1.0" encoding="utf-8"?><testsuites><testsuite name="pytest" errors="0" failures="0" skipped="0" tests="30" time="6.912" timestamp="2025-11-30T03:32:00.903362+01:00" hostname="DESKTOP-7OSKAR1"><testcase classname="tests.test_alembic_import" name="test_alembic_env_importable" time="0.013" /><testcase classname="tests.test_auth" name="test_signup_duplicate_email" time="0.255" /><testcase classname="tests.test_auth" name="test_login_invalid_password" time="0.413" /><testcase classname="tests.test_auth" name="test_logout_endpoint" time="0.416" /><testcase classname="tests.test_auth" name="test_login_missing_user" time="0.011" /><testcase classname="tests.test_auth_and_qr" name="test_create_qr_requires_auth" time="0.011" /><testcase classname="tests.test_auth_and_qr" name="test_preview_requires_auth" time="0.013" /><testcase classname="tests.test_auth_and_qr" name="test_preview_and_lifecycle" time="0.529" /><testcase classname="tests.test_auth_and_qr" name="test_delete_user_removes_qrs" time="0.436" /><testcase classname="tests.test_auth_and_qr" name="test_update_profile_and_password_flow" time="1.068" /><testcase classname="tests.test_auth_negative_extra" name="test_signup_invalid_email" time="0.022" /><testcase classname="tests.test_auth_negative_extra" name="test_login_missing_password" time="0.046" /><testcase classname="tests.test_db_failure" name="test_get_engine_raises_when_no_url" time="0.020" /><testcase classname="tests.test_health_db_failure" name="test_health_returns_503_on_db_failure" time="0.039" /><testcase classname="tests.test_integration_flow" name="test_full_qr_lifecycle" time="0.552" /><testcase classname="tests.test_qr" name="test_create_qr_invalid_payload" time="0.419" /><testcase classname="tests.test_qr" name="test_download_requires_authentication" time="0.431" /><testcase classname="tests.test_qr" name="test_history_only_returns_owner_items" time="0.894" /><testcase classname="tests.test_qr_service_unit" name="test_render_qr_outputs_svg_and_png" time="0.016" /><testcase classname="tests.test_qr_service_unit" name="test_encode_render_returns_base64" time="0.025" /><testcase classname="tests.test_qr_service_unit" name="test_generate_qr_assets_writes_files" time="0.033" /><testcase classname="tests.test_schemas" name="test_invalid_hex_colors_raise_validation_error" time="0.005" /><testcase classname="tests.test_schemas" name="test_invalid_url_rejected" time="0.003" /><testcase classname="tests.test_schemas" name="test_overlay_text_length_enforced" time="0.003" /><testcase classname="tests.test_schemas" name="test_size_constraints_enforced" time="0.006" /><testcase classname="tests.test_security" name="test_password_hash_roundtrip" time="0.658" /><testcase classname="tests.test_security" name="test_create_access_token_contains_subject" time="0.243" /><testcase classname="tests.test_security" name="test_get_current_user_invalid_token" time="0.007" /><testcase classname="tests.test_services_exceptions" name="test_get_owned_item_not_found_raises_http_exception" time="0.009" /><testcase classname="tests.test_services_exceptions" name="test_create_qr_item_propagates_asset_errors" time="0.014" /></testsuite></testsuites>